// Jest Snapshot v1, https://goo.gl/fbAQLP

exports[`Pruebas en <FirstApp /> Debe de hacer un match con el snapshot 1`] = `
<div>
  <h1
    data-testid="test-title"
  >
    Hola mundo
  </h1>
  <h3 />
  <h3 />
</div>
`;
